METIS partition computed on rank 0
rank 0: applying perm (nrows=62451 ncols=62451 nnz=4007383)
rank 1: applying perm (nrows=62451 ncols=62451 nnz=4007383)
METIS permutation applied
rank 1: perm applied, new nnz=4007383
rank 1: row_offsets[31226,62451], col_offsets[31226,62451]
rank 0: perm applied, new nnz=4007383
rank 0: row_offsets[0,31226], col_offsets[0,31226]
== DistSpMV_Balanced (fixed) ==
== DistSpMV_Balanced（修复版）==
Processes   : 2  |  Threads/proc: 4
进程数：2  |  每进程线程数：4
Matrix      : 62451 x 62451, nnz=4007383
矩阵：62451 x 62451，非零元数：4007383
Iterations  : 100
迭代次数：100
lower_bound (frac) : 0.50
lower_bound（阈值比例）：0.50
Total time  : 0.397316 s
总时间：0.397316 秒
Compute time: 0.338014 s
计算时间：0.338014 秒
Comm time   : 0.067834 s
通信时间：0.067834 秒
GFlops      : 2.3711
GFlops（理论）：2.3711
Y-norm: 4.170292046439e+04
Per-process local_nnz:  1981398 2004147 
Per-process remote_nnz: 10919 10919 
